
[1m[36mΓòöΓòÉΓòÉΓòÉΓòÉΓòÉΓòÉΓòÉΓòÉΓòÉΓòÉΓòÉΓòÉΓòÉΓòÉΓòÉΓòÉΓòÉΓòÉΓòÉΓòÉΓòÉΓòÉΓòÉΓòÉΓòÉΓòÉΓòÉΓòÉΓòÉΓòÉΓòÉΓòÉΓòÉΓòÉΓòÉΓòÉΓòÉΓòÉΓòÉΓòÉΓòÉΓòÉΓòÉΓòÉΓòÉΓòÉΓòÉΓòÉΓòÉΓòÉΓòÉΓòÉΓòÉΓòÉΓòÉΓòÉΓòù
Γòæ       Phase 8.4: Certificate Management Tests        Γòæ
ΓòÜΓòÉΓòÉΓòÉΓòÉΓòÉΓòÉΓòÉΓòÉΓòÉΓòÉΓòÉΓòÉΓòÉΓòÉΓòÉΓòÉΓòÉΓòÉΓòÉΓòÉΓòÉΓòÉΓòÉΓòÉΓòÉΓòÉΓòÉΓòÉΓòÉΓòÉΓòÉΓòÉΓòÉΓòÉΓòÉΓòÉΓòÉΓòÉΓòÉΓòÉΓòÉΓòÉΓòÉΓòÉΓòÉΓòÉΓòÉΓòÉΓòÉΓòÉΓòÉΓòÉΓòÉΓòÉΓòÉΓòÉΓò¥[0m

[33mBase URL: http://localhost:5000[0m

[36mTest 1: User Registration with Certificate Generation[0m
  [32mΓ£ô PASS[0m: Register user
    [33mStatus: 201, UserId: 69b38c10e768b6ecbd20876a[0m

[36mTest 2: Get Active Certificate[0m
  [32mΓ£ô PASS[0m: Get active certificate
    [33mStatus: 200, CertId: cert_177...[0m

[36mTest 3: Download Certificate (PEM Format)[0m
  Debug: Using certificate ID: cert_1773374481540_8fdd583947d7d1e2
  Debug: Response status: 200
  [32mΓ£ô PASS[0m: Download certificate PEM
    [33mStatus: 200, Valid PEM: true[0m

[36mTest 4: Get Certificate Expiry Status[0m
  [32mΓ£ô PASS[0m: Get expiry status
    [33mStatus: 200, Days Remaining: 365[0m

[36mTest 5: Create Second User for Renewal Testing[0m
  [32mΓ£ô PASS[0m: Register second user
    [33mStatus: 201, UserId: 69b38c11e768b6ecbd208774[0m

[36mTest 6: Get Second User's Certificate[0m
  [32mΓ£ô PASS[0m: Get second user certificate
    [33mStatus: 200, CertId: 69b38c14e768b6ecbd208776[0m

[36mTest 7: Renew Certificate[0m
  [32mΓ£ô PASS[0m: Renew certificate
    [33mStatus: 201, New CertId: CERT-69B...[0m

[36mTest 8: Verify Old Certificate Marked as Superseded[0m
  [32mΓ£ô PASS[0m: Check old certificate status
    [33mStatus: 200[0m

[36mTest 9: Get All User Certificates[0m
  [32mΓ£ô PASS[0m: Get all certificates
    [33mStatus: 200, Count: 2[0m

[36mTest 10: Get Certificate Audit History[0m
  [32mΓ£ô PASS[0m: Get audit history
    [33mStatus: 200, Entries: 0[0m

[36mTest 11: Verify Renewed Certificate is Valid[0m
  [32mΓ£ô PASS[0m: Renewed certificate is valid
    [33mStatus: 200, Days Remaining: 1826[0m

[36mTest 12: Revoke Certificate[0m
  Debug: Revoking certificate: cert_1773374481540_8fdd583947d7d1e2
  Debug: Response status: 200
  [31mΓ£ù FAIL[0m: Revoke certificate
    [33mStatus: 200[0m
